** Drc report for TSC BW 16 V3 POC.kicad_pcb **
** Created on 2026-09-22T13:01:27 **
** Report includes: Errors, Warnings, Exclusions **

** Found 1 DRC violations **
[lib_footprint_mismatch]: Footprint 'USB_C_Receptacle_GCT_USB4105-xx-A_16P_TopMnt_Horizontal' does not match copy in library 'Connector_USB'
    Local override; warning
    @(131.3100 mm, 150.6650 mm): Footprint J14

** Found 0 unconnected pads **

** Found 0 Footprint errors **

** Ignored checks **
    - Hole clearance violation
    - Footprint has no courtyard defined
    - Track endpoint not centered on via
    - Tuning profile track geometries
    - Footprint doesn't match symbol's footprint filters
    - Items not allowed
    - PTH inside courtyard
    - NPTH inside courtyard
    - Footprint component type doesn't match footprint pads

** End of Report **
